// Jest Snapshot v1, https://jestjs.io/docs/snapshot-testing

exports[`validateHeaders triggers validation error with incorrect data 1`] = `
{
  "message": {
    "AdvancedString": [
      "Invalid AdvancedString regex",
    ],
  },
}
`;

exports[`validateHeaders triggers validation error with incorrect data and uses DEFAULT_ERROR_MESSAGE 1`] = `
{
  "message": "Validation has failed",
}
`;

exports[`validateHeaders with custom error handler triggers validation error with incorrect data 1`] = `
{
  "message": "Invalid validation!",
}
`;
